version https://git-lfs.github.com/spec/v1
oid sha256:1709753d8b81719435009b1e694134a75091512877a194314126734d7180f341
size 296796160
